
Allocating common symbols
Common symbol       size              file

robotTaskEnable     0x1               Src\main.o
timeProcessRobotTask
                    0x4               Src\main.o
timeProcessSensorTask
                    0x4               Src\main.o
isSpiReady          0x1               Src\main.o

Memory Configuration

Name             Origin             Length             Attributes
FLASH            0x08000000         0x00020000         xr
RAM              0x20000000         0x00010000         xrw
MEMORY_B1        0x60000000         0x00000000         xr
CCMRAM           0x10000000         0x00010000         rw
*default*        0x00000000         0xffffffff

Linker script and memory map

LOAD c:/program files (x86)/atollic/truestudio for arm 5.4.1/armtools/bin/../lib/gcc/arm-atollic-eabi/4.8.3/armv7e-m/fpu/crti.o
LOAD c:/program files (x86)/atollic/truestudio for arm 5.4.1/armtools/bin/../lib/gcc/arm-atollic-eabi/4.8.3/armv7e-m/fpu/crtbegin.o
LOAD Src\main.o
LOAD Src\TestAPI.o
START GROUP
LOAD c:/program files (x86)/atollic/truestudio for arm 5.4.1/armtools/bin/../lib/gcc/arm-atollic-eabi/4.8.3/../../../../arm-atollic-eabi/lib/armv7e-m/fpu\libc.a
LOAD c:/program files (x86)/atollic/truestudio for arm 5.4.1/armtools/bin/../lib/gcc/arm-atollic-eabi/4.8.3/../../../../arm-atollic-eabi/lib/armv7e-m/fpu\libm.a
END GROUP
                0x00001000                malloc_getpagesize_P = 0x1000
START GROUP
LOAD c:/program files (x86)/atollic/truestudio for arm 5.4.1/armtools/bin/../lib/gcc/arm-atollic-eabi/4.8.3/armv7e-m/fpu\libgcc.a
LOAD c:/program files (x86)/atollic/truestudio for arm 5.4.1/armtools/bin/../lib/gcc/arm-atollic-eabi/4.8.3/../../../../arm-atollic-eabi/lib/armv7e-m/fpu\libc.a
END GROUP
LOAD c:/program files (x86)/atollic/truestudio for arm 5.4.1/armtools/bin/../lib/gcc/arm-atollic-eabi/4.8.3/armv7e-m/fpu/crtend.o
LOAD c:/program files (x86)/atollic/truestudio for arm 5.4.1/armtools/bin/../lib/gcc/arm-atollic-eabi/4.8.3/armv7e-m/fpu/crtn.o
                0x20010000                _estack = 0x20010000
                0x00000000                _Min_Heap_Size = 0x0
                0x00000200                _Min_Stack_Size = 0x200

.isr_vector     0x08000000        0x0
                0x08000000                . = ALIGN (0x4)
 *(.isr_vector)
                0x08000000                . = ALIGN (0x4)

.text           0x08000000      0x1f4
                0x08000000                . = ALIGN (0x4)
 *(.text)
 .text          0x08000000        0x0 c:/program files (x86)/atollic/truestudio for arm 5.4.1/armtools/bin/../lib/gcc/arm-atollic-eabi/4.8.3/armv7e-m/fpu/crti.o
 .text          0x08000000       0x40 c:/program files (x86)/atollic/truestudio for arm 5.4.1/armtools/bin/../lib/gcc/arm-atollic-eabi/4.8.3/armv7e-m/fpu/crtbegin.o
 .text          0x08000040      0x110 Src\main.o
                0x08000040                main
                0x08000084                TimerISR
                0x080000ac                callSensorTask
 .text          0x08000150       0x88 Src\TestAPI.o
                0x08000150                RobotTask
                0x08000164                RobotStop
                0x08000170                TimerInit
                0x0800017c                TimetGetus
                0x0800018c                SPIInit
                0x08000198                SPIEepromEnable
                0x080001a4                SPIEepromDisable
                0x080001b0                SPISensorEnable
                0x080001bc                SPISensorDisable
                0x080001c8                SPIRead
 .text          0x080001d8        0x0 c:/program files (x86)/atollic/truestudio for arm 5.4.1/armtools/bin/../lib/gcc/arm-atollic-eabi/4.8.3/armv7e-m/fpu/crtend.o
 .text          0x080001d8        0x0 c:/program files (x86)/atollic/truestudio for arm 5.4.1/armtools/bin/../lib/gcc/arm-atollic-eabi/4.8.3/armv7e-m/fpu/crtn.o
 *(.text*)
 *(.glue_7)
 .glue_7        0x00000000        0x0 linker stubs
 *(.glue_7t)
 .glue_7t       0x00000000        0x0 linker stubs
 *(.eh_frame)
 .eh_frame      0x080001d8        0x0 c:/program files (x86)/atollic/truestudio for arm 5.4.1/armtools/bin/../lib/gcc/arm-atollic-eabi/4.8.3/armv7e-m/fpu/crtbegin.o
 .eh_frame      0x080001d8        0x4 c:/program files (x86)/atollic/truestudio for arm 5.4.1/armtools/bin/../lib/gcc/arm-atollic-eabi/4.8.3/armv7e-m/fpu/crtend.o
 *(.init)
 .init          0x080001dc        0x4 c:/program files (x86)/atollic/truestudio for arm 5.4.1/armtools/bin/../lib/gcc/arm-atollic-eabi/4.8.3/armv7e-m/fpu/crti.o
                0x080001dc                _init
 .init          0x080001e0        0x8 c:/program files (x86)/atollic/truestudio for arm 5.4.1/armtools/bin/../lib/gcc/arm-atollic-eabi/4.8.3/armv7e-m/fpu/crtn.o
 *(.fini)
 .fini          0x080001e8        0x4 c:/program files (x86)/atollic/truestudio for arm 5.4.1/armtools/bin/../lib/gcc/arm-atollic-eabi/4.8.3/armv7e-m/fpu/crti.o
                0x080001e8                _fini
 .fini          0x080001ec        0x8 c:/program files (x86)/atollic/truestudio for arm 5.4.1/armtools/bin/../lib/gcc/arm-atollic-eabi/4.8.3/armv7e-m/fpu/crtn.o
                0x080001f4                . = ALIGN (0x4)
                0x080001f4                _etext = .

.vfp11_veneer   0x080001f4        0x0
 .vfp11_veneer  0x00000000        0x0 linker stubs

.v4_bx          0x080001f4        0x0
 .v4_bx         0x00000000        0x0 linker stubs

.iplt           0x080001f4        0x0
 .iplt          0x00000000        0x0 c:/program files (x86)/atollic/truestudio for arm 5.4.1/armtools/bin/../lib/gcc/arm-atollic-eabi/4.8.3/armv7e-m/fpu/crtbegin.o

.rel.dyn        0x080001f4        0x0
 .rel.iplt      0x00000000        0x0 c:/program files (x86)/atollic/truestudio for arm 5.4.1/armtools/bin/../lib/gcc/arm-atollic-eabi/4.8.3/armv7e-m/fpu/crtbegin.o

.rodata         0x080001f4        0x0
                0x080001f4                . = ALIGN (0x4)
 *(.rodata)
 *(.rodata*)
                0x080001f4                . = ALIGN (0x4)

.ARM.extab
 *(.ARM.extab* .gnu.linkonce.armextab.*)

.ARM            0x080001f4        0x0
                0x080001f4                __exidx_start = .
 *(.ARM.exidx*)
                0x080001f4                __exidx_end = .

.preinit_array  0x080001f4        0x0
                0x080001f4                PROVIDE (__preinit_array_start, .)
 *(.preinit_array*)
                0x080001f4                PROVIDE (__preinit_array_end, .)

.init_array     0x080001f4        0x4
                0x080001f4                PROVIDE (__init_array_start, .)
 *(SORT(.init_array.*))
 *(.init_array*)
 .init_array    0x080001f4        0x4 c:/program files (x86)/atollic/truestudio for arm 5.4.1/armtools/bin/../lib/gcc/arm-atollic-eabi/4.8.3/armv7e-m/fpu/crtbegin.o
                0x080001f8                PROVIDE (__init_array_end, .)

.fini_array     0x080001f8        0x4
                0x080001f8                PROVIDE (__fini_array_start, .)
 *(SORT(.fini_array.*))
 *(.fini_array*)
 .fini_array    0x080001f8        0x4 c:/program files (x86)/atollic/truestudio for arm 5.4.1/armtools/bin/../lib/gcc/arm-atollic-eabi/4.8.3/armv7e-m/fpu/crtbegin.o
                0x080001fc                PROVIDE (__fini_array_end, .)
                0x080001fc                _sidata = LOADADDR (.data)

.data           0x20000000        0x4 load address 0x080001fc
                0x20000000                . = ALIGN (0x4)
                0x20000000                _sdata = .
 *(.data)
 .data          0x20000000        0x0 c:/program files (x86)/atollic/truestudio for arm 5.4.1/armtools/bin/../lib/gcc/arm-atollic-eabi/4.8.3/armv7e-m/fpu/crti.o
 .data          0x20000000        0x4 c:/program files (x86)/atollic/truestudio for arm 5.4.1/armtools/bin/../lib/gcc/arm-atollic-eabi/4.8.3/armv7e-m/fpu/crtbegin.o
                0x20000000                __dso_handle
 .data          0x20000004        0x0 Src\main.o
 .data          0x20000004        0x0 Src\TestAPI.o
 .data          0x20000004        0x0 c:/program files (x86)/atollic/truestudio for arm 5.4.1/armtools/bin/../lib/gcc/arm-atollic-eabi/4.8.3/armv7e-m/fpu/crtend.o
 .data          0x20000004        0x0 c:/program files (x86)/atollic/truestudio for arm 5.4.1/armtools/bin/../lib/gcc/arm-atollic-eabi/4.8.3/armv7e-m/fpu/crtn.o
 *(.data*)
                0x20000004                . = ALIGN (0x4)
                0x20000004                _edata = .
                0x08000200                _siccmram = LOADADDR (.ccmram)

.igot.plt       0x20000004        0x0 load address 0x08000200
 .igot.plt      0x00000000        0x0 c:/program files (x86)/atollic/truestudio for arm 5.4.1/armtools/bin/../lib/gcc/arm-atollic-eabi/4.8.3/armv7e-m/fpu/crtbegin.o

.ccmram         0x10000000        0x0 load address 0x08000200
                0x10000000                . = ALIGN (0x4)
                0x10000000                _sccmram = .
 *(.ccmram)
 *(.ccmram*)
                0x10000000                . = ALIGN (0x4)
                0x10000000                _eccmram = .
                0x10000000                . = ALIGN (0x4)

.bss            0x20000004       0x2c
                0x20000004                _sbss = .
                0x20000004                __bss_start__ = _sbss
 *(.bss)
 .bss           0x20000004        0x0 c:/program files (x86)/atollic/truestudio for arm 5.4.1/armtools/bin/../lib/gcc/arm-atollic-eabi/4.8.3/armv7e-m/fpu/crti.o
 .bss           0x20000004       0x1c c:/program files (x86)/atollic/truestudio for arm 5.4.1/armtools/bin/../lib/gcc/arm-atollic-eabi/4.8.3/armv7e-m/fpu/crtbegin.o
 .bss           0x20000020        0x0 Src\main.o
 .bss           0x20000020        0x0 Src\TestAPI.o
 .bss           0x20000020        0x0 c:/program files (x86)/atollic/truestudio for arm 5.4.1/armtools/bin/../lib/gcc/arm-atollic-eabi/4.8.3/armv7e-m/fpu/crtend.o
 .bss           0x20000020        0x0 c:/program files (x86)/atollic/truestudio for arm 5.4.1/armtools/bin/../lib/gcc/arm-atollic-eabi/4.8.3/armv7e-m/fpu/crtn.o
 *(.bss*)
 *(COMMON)
 COMMON         0x20000020        0xd Src\main.o
                0x20000020                robotTaskEnable
                0x20000024                timeProcessRobotTask
                0x20000028                timeProcessSensorTask
                0x2000002c                isSpiReady
                0x20000030                . = ALIGN (0x4)
 *fill*         0x2000002d        0x3 
                0x20000030                _ebss = .
                0x20000030                __bss_end__ = _ebss

._user_heap_stack
                0x20000030      0x200
                0x20000030                . = ALIGN (0x4)
                0x20000030                PROVIDE (end, .)
                0x20000030                PROVIDE (_end, .)
                0x20000030                . = (. + _Min_Heap_Size)
                0x20000230                . = (. + _Min_Stack_Size)
 *fill*         0x20000030      0x200 
                0x20000230                . = ALIGN (0x4)

.memory_b1_text
 *(.mb1text)
 *(.mb1text*)
 *(.mb1rodata)
 *(.mb1rodata*)

/DISCARD/
 libc.a(*)
 libm.a(*)
 libgcc.a(*)

.ARM.attributes
                0x00000000       0x32
 *(.ARM.attributes)
 .ARM.attributes
                0x00000000       0x22 c:/program files (x86)/atollic/truestudio for arm 5.4.1/armtools/bin/../lib/gcc/arm-atollic-eabi/4.8.3/armv7e-m/fpu/crti.o
 .ARM.attributes
                0x00000022       0x34 c:/program files (x86)/atollic/truestudio for arm 5.4.1/armtools/bin/../lib/gcc/arm-atollic-eabi/4.8.3/armv7e-m/fpu/crtbegin.o
 .ARM.attributes
                0x00000056       0x39 Src\main.o
 .ARM.attributes
                0x0000008f       0x39 Src\TestAPI.o
 .ARM.attributes
                0x000000c8       0x34 c:/program files (x86)/atollic/truestudio for arm 5.4.1/armtools/bin/../lib/gcc/arm-atollic-eabi/4.8.3/armv7e-m/fpu/crtend.o
 .ARM.attributes
                0x000000fc       0x22 c:/program files (x86)/atollic/truestudio for arm 5.4.1/armtools/bin/../lib/gcc/arm-atollic-eabi/4.8.3/armv7e-m/fpu/crtn.o
OUTPUT(testFwEx1.elf elf32-littlearm)

.debug_info     0x00000000      0x310
 .debug_info    0x00000000      0x1de Src\main.o
 .debug_info    0x000001de      0x132 Src\TestAPI.o

.debug_abbrev   0x00000000      0x169
 .debug_abbrev  0x00000000       0xe2 Src\main.o
 .debug_abbrev  0x000000e2       0x87 Src\TestAPI.o

.debug_aranges  0x00000000       0x40
 .debug_aranges
                0x00000000       0x20 Src\main.o
 .debug_aranges
                0x00000020       0x20 Src\TestAPI.o

.debug_line     0x00000000      0x1b4
 .debug_line    0x00000000      0x15f Src\main.o
 .debug_line    0x0000015f       0x55 Src\TestAPI.o

.debug_str      0x00000000      0x2ba
 .debug_str     0x00000000      0x226 Src\main.o
                                0x268 (size before relaxing)
 .debug_str     0x00000226       0x94 Src\TestAPI.o
                                0x1d5 (size before relaxing)

.comment        0x00000000       0x82
 .comment       0x00000000       0x82 Src\main.o
                                 0x83 (size before relaxing)
 .comment       0x00000000       0x83 Src\TestAPI.o

.debug_frame    0x00000000      0x1ac
 .debug_frame   0x00000000       0xa8 Src\main.o
 .debug_frame   0x000000a8      0x104 Src\TestAPI.o

Cross Reference Table

Symbol                                            File
RobotStop                                         Src\TestAPI.o
                                                  Src\main.o
RobotTask                                         Src\TestAPI.o
                                                  Src\main.o
SPIEepromDisable                                  Src\TestAPI.o
                                                  Src\main.o
SPIEepromEnable                                   Src\TestAPI.o
                                                  Src\main.o
SPIInit                                           Src\TestAPI.o
                                                  Src\main.o
SPIRead                                           Src\TestAPI.o
                                                  Src\main.o
SPISensorDisable                                  Src\TestAPI.o
                                                  Src\main.o
SPISensorEnable                                   Src\TestAPI.o
                                                  Src\main.o
TimerISR                                          Src\main.o
TimerInit                                         Src\TestAPI.o
                                                  Src\main.o
TimetGetus                                        Src\TestAPI.o
__deregister_frame_info                           c:/program files (x86)/atollic/truestudio for arm 5.4.1/armtools/bin/../lib/gcc/arm-atollic-eabi/4.8.3/armv7e-m/fpu/crtbegin.o
__dso_handle                                      c:/program files (x86)/atollic/truestudio for arm 5.4.1/armtools/bin/../lib/gcc/arm-atollic-eabi/4.8.3/armv7e-m/fpu/crtbegin.o
__register_frame_info                             c:/program files (x86)/atollic/truestudio for arm 5.4.1/armtools/bin/../lib/gcc/arm-atollic-eabi/4.8.3/armv7e-m/fpu/crtbegin.o
_fini                                             c:/program files (x86)/atollic/truestudio for arm 5.4.1/armtools/bin/../lib/gcc/arm-atollic-eabi/4.8.3/armv7e-m/fpu/crti.o
_init                                             c:/program files (x86)/atollic/truestudio for arm 5.4.1/armtools/bin/../lib/gcc/arm-atollic-eabi/4.8.3/armv7e-m/fpu/crti.o
callSensorTask                                    Src\main.o
isSpiReady                                        Src\main.o
main                                              Src\main.o
robotTaskEnable                                   Src\main.o
timeProcessRobotTask                              Src\main.o
timeProcessSensorTask                             Src\main.o
